mission:
    WSF Version: 2.9.0 02-25-2022
    Built: Feb 25 2022 08:12:40
Plugin API version info:
    Version: 2.9
    Compiler: win_1916_64bit_release-hwe
Plugins Loaded:
    wsf_alternate_locations.dll, wsf_coverage.dll, wsf_iads_c2.dll, wsf_prompt.dll, wsf_scenario_analyzer.dll, wsf_scenario_analyzer_iads_c2.dll, wsf_air_combat.dll, wsf_annotation.dll, wsf_argo8.dll, wsf_brawler.dll, wsf_fires.dll, wsf_multiresolution.dll, wsf_named_pipe.dll, wsf_oms_uci.dll, wsf_p6dof.dll, wsf_shm.dll, wsf_shm_v2.dll, wsf_six_dof.dll, wsf_sosm.dll
Extensions Included: 
    sensor_plot_lib, wsf_cyber, wsf_grammar_check, wsf_l16, wsf_mil, wsf_mil_parser, wsf_mtt, wsf_nx, wsf_parser, wsf_ripr, wsf_space, wsf_weapon_server, wsf_simdis

Loading simulation input.
***** WARNING: Derived type redefined.
    Base: WSF_GRADUATED_LETHALITY
    Derived: SIMPLE_EFFECT
Loading simulation input complete.
    Elapsed Wall Clock Time: 0.0078766
    Elapsed Processor Time : 0
Initializing simulation.
Initializing simulation complete.
    Elapsed Wall Clock Time: 0.0019008
    Elapsed Processor Time : 0
Starting simulation.
SENSOR_CTRL: radar1 -> ON (active)
KCMD: FIRE aim120_sim_1 radar1:2
KCMD: Fire aim120_sim_1 at track 2 -> 1
KCMD: FIRE aim120_sim_2 radar1:4
KCMD: Fire aim120_sim_2 at track 4 -> 1
***** WARNING: WSF_GUIDED_MOVER Runge-Kutta integration without selecting 'compute_all_forces_each_substep' is less accurate.
    Please see WSF_GUIDED_MOVER documentation.
***** WARNING: WSF_GUIDED_MOVER Runge-Kutta integration without selecting 'compute_all_forces_each_substep' is less accurate.
    Please see WSF_GUIDED_MOVER documentation.
KCMD: FIRE aim120_sim_3 radar1:2
KCMD: Fire aim120_sim_3 at track 2 -> 1
KCMD: FIRE aim120_sim_4 radar1:4
KCMD: Fire aim120_sim_4 at track 4 -> 1
***** WARNING: WSF_GUIDED_MOVER Runge-Kutta integration without selecting 'compute_all_forces_each_substep' is less accurate.
    Please see WSF_GUIDED_MOVER documentation.
***** WARNING: WSF_GUIDED_MOVER Runge-Kutta integration without selecting 'compute_all_forces_each_substep' is less accurate.
    Please see WSF_GUIDED_MOVER documentation.
Simulation complete
    Elapsed Wall Clock Time: 24.2619
    Elapsed Processor Time : 5.89063
