mission:
    WSF Version: 2.9.0 02-25-2022
    Built: Feb 25 2022 08:12:40
Plugin API version info:
    Version: 2.9
    Compiler: win_1916_64bit_release-hwe
***** WARNING: Failed to load plugin.
    Plugin: D:\afsim-2.9.0-win64\bin\wsf_plugins\wsf_shm.dll
    Error: Unable to find WsfPluginVersion symbol.
Plugins Loaded:
    wsf_alternate_locations.dll, wsf_coverage.dll, wsf_iads_c2.dll, wsf_prompt.dll, wsf_scenario_analyzer.dll, wsf_scenario_analyzer_iads_c2.dll, wsf_air_combat.dll, wsf_annotation.dll, wsf_argo8.dll, wsf_brawler.dll, wsf_fires.dll, wsf_multiresolution.dll, wsf_named_pipe.dll, wsf_oms_uci.dll, wsf_p6dof.dll, wsf_shm_v2.dll, wsf_six_dof.dll, wsf_sosm.dll
Extensions Included: 
    sensor_plot_lib, wsf_cyber, wsf_grammar_check, wsf_l16, wsf_mil, wsf_mil_parser, wsf_mtt, wsf_nx, wsf_parser, wsf_ripr, wsf_space, wsf_weapon_server, wsf_simdis

Loading simulation input.
***** WARNING: Derived type redefined.
    Base: WSF_GRADUATED_LETHALITY
    Derived: SIMPLE_EFFECT
Loading simulation input complete.
    Elapsed Wall Clock Time: 0.0064409
    Elapsed Processor Time : 0
Initializing simulation.
Initializing simulation complete.
    Elapsed Wall Clock Time: 0.0020345
    Elapsed Processor Time : 0.015625
Starting simulation.
T = 0
SENSOR_CTRL: radar1 -> ON (active)
T = 10.000
T = 20.000
T = 30.000
T = 40.000
T = 50.000
T = 60.000
T = 70.000
T = 80.000
T = 90.000
T = 100.000
T = 110.000
T = 120.000
Simulation complete
    Elapsed Wall Clock Time: 120.009
    Elapsed Processor Time : 3.78125
